PASS 1 R310 inv=431 k=325
PASS 2 R310 inv=143 k=325
PASS 3 R310 inv=335 k=325
PASS 4 R310 inv=111 k=325
PASS 5 R220 inv=399 k=289
PASS 6 R220 inv=239 k=289
PASS 7 R220 inv=143 k=289
PASS 8 R211 inv=383 k=280
PASS 9 R211 inv=191 k=280
PASS 10 R211 inv=255 k=280
PASS 11 R211 inv=255 k=280
PASS 12 R211 inv=191 k=280
PASS 13 R211 inv=383 k=280
PASS 14 S1S1R1 inv=383 k=280
PASS 15 S1S1R1 inv=383 k=280
PASS 16 S1S1R1 inv=255 k=280
PASS 17 S1S1R1 inv=191 k=280
PASS 18 S1S1R1 inv=255 k=280
PASS 19 m6r4_polar1_q1 inv=431 k=220
PASS 20 m6r4_polar1_q2 inv=431 k=220
PASS 21 m6r4_polar1_q3 inv=47 k=220
PASS 22 m6r4_polar1_q4 inv=143 k=220
PASS 23 m6r4_polar1_q5 inv=143 k=220
PASS 24 m6r4_polar1_q6 inv=15 k=220
PASS 25 m6r4_polar2_q1 inv=351 k=160
PASS 26 m6r4_polar2_q2 inv=351 k=160
PASS 27 m6r4_polar2_q3 inv=95 k=160
PASS 28 m6r4_polar2_q4 inv=95 k=160
PASS 29 m6r4_polar2_q5 inv=351 k=160
PASS 30 m6r4_polar2_q6 inv=95 k=160
PASS 31 m6r4_polar2_q7 inv=31 k=160
PASS 32 m6r4_polar3_q1 inv=351 k=160
PASS 33 m6r4_polar3_q2 inv=31 k=160
PASS 34 m6r4_polar3_q3 inv=351 k=160
PASS 35 m6r4_polar3_q4 inv=95 k=160
PASS 36 m6r4_polar3_q5 inv=351 k=160
PASS 37 m6r4_polar3_q6 inv=95 k=160
PASS 38 m6r4_polar4_q1 inv=399 k=196
PASS 39 m6r4_polar4_q2 inv=399 k=196
PASS 40 m6r4_polar4_q3 inv=79 k=196
PASS 41 m6r4_polar4_q4 inv=399 k=196
PASS 42 m6r4_polar4_q5 inv=79 k=196
PASS 43 m6r4_polar4_q6 inv=15 k=196
PASS 44 m6r4_polar5_q1 inv=47 k=124
PASS 45 m6r4_polar5_q2 inv=303 k=124
PASS 46 m6r4_polar5_q3 inv=303 k=124
PASS 47 m7r3_polar1_q1 inv=383 k=232
PASS 48 m7r3_polar1_q2 inv=383 k=232
PASS 49 m7r3_polar1_q3 inv=255 k=232
PASS 50 m7r3_polar1_q4 inv=255 k=232
PASS 51 m7r3_polar1_q5 inv=383 k=232
PASS 52 m7r3_polar1_q6 inv=63 k=232
PASS 53 m7r3_polar1_q7 inv=255 k=232
PASS 54 m7r3_polar2_q1 inv=399 k=238
PASS 55 m7r3_polar2_q2 inv=399 k=238
PASS 56 m7r3_polar2_q3 inv=79 k=238
PASS 57 m7r3_polar2_q4 inv=239 k=238
PASS 58 m7r3_polar2_q5 inv=239 k=238
PASS 59 m7r3_polar2_q6 inv=47 k=238
PASS 60 m7r3_polar3_q1 inv=383 k=220
PASS 61 m7r3_polar3_q2 inv=127 k=220
PASS 62 m7r3_polar3_q3 inv=191 k=220
PASS 63 m7r3_polar3_q4 inv=63 k=220
PASS 64 m7r3_polar3_q5 inv=383 k=220
PASS 65 m7r3_polar3_q6 inv=95 k=220
PASS 66 m7r3_polar3_q7 inv=191 k=220
PASS 67 m7r3_polar3_q8 inv=127 k=220
PASS 68 m7r3_polar3_q9 inv=31 k=220
PASS 69 m7r3_polar3_q10 inv=63 k=220
PASS 70 m7r3_polar4_q1 inv=383 k=208
PASS 71 m7r3_polar4_q2 inv=383 k=208
PASS 72 m7r3_polar4_q3 inv=127 k=208
PASS 73 m7r3_polar4_q4 inv=383 k=208
PASS 74 m7r3_polar4_q5 inv=63 k=208
PASS 75 m7r3_polar4_q6 inv=127 k=208
PASS 76 m7r3_polar5_q1 inv=351 k=196
PASS 77 m7r3_polar5_q2 inv=159 k=196
PASS 78 m7r3_polar5_q3 inv=351 k=196
PASS 79 m7r3_polar5_q4 inv=159 k=196
PASS 80 m7r3_polar5_q5 inv=351 k=196
PASS 81 m7r3_polar5_q6 inv=159 k=196
PASS 82 m7r3_polar5_q7 inv=159 k=196
PASS 83 m7r3_polar5_q8 inv=351 k=196
PASS 84 m7r3_polar5_q9 inv=159 k=196
PASS 85 m7r3_polar5_q10 inv=95 k=196
PASS 86 m7r3_polar5_q11 inv=95 k=196
PASS 87 m7r3_polar5_q12 inv=159 k=196
PASS 88 m7r3_polar5_q13 inv=351 k=196
PASS 89 m7r3_polar5_q14 inv=159 k=196
PASS 90 m7r3_polar5_q15 inv=159 k=196
PASS 91 m7r3_polar5_q16 inv=95 k=196
PASS 92 m7r3_polar5_q17 inv=63 k=196
PASS 93 m7r3_polar5_q18 inv=63 k=196
PASS 94 m7r3_polar6_q1 inv=367 k=202
PASS 95 m7r3_polar6_q2 inv=143 k=202
PASS 96 m7r3_polar6_q3 inv=111 k=202
PASS 97 m7r3_polar6_q4 inv=367 k=202
PASS 98 m7r3_polar6_q5 inv=79 k=202
PASS 99 m7r3_polar6_q6 inv=111 k=202
PASS 100 m7r3_polar6_q7 inv=143 k=202
PASS 101 m7r3_polar6_q8 inv=47 k=202
PASS 102 m7r3_polar6_q9 inv=143 k=202
PASS 103 m7r3_polar6_q10 inv=367 k=202
PASS 104 m7r3_polar6_q11 inv=79 k=202
PASS 105 m7r3_polar6_q12 inv=111 k=202
PASS 106 m7r3_polar7_q1 inv=335 k=178
PASS 107 m7r3_polar7_q2 inv=111 k=178
PASS 108 m7r3_polar7_q3 inv=335 k=178
PASS 109 m7r3_polar7_q4 inv=79 k=178
PASS 110 m7r3_polar7_q5 inv=335 k=178
PASS 111 m7r3_polar7_q6 inv=111 k=178
PASS 112 m7r3_polar7_q7 inv=79 k=178
PASS 113 m7r3_polar7_q8 inv=111 k=178
PASS 114 m7r3_polar7_q9 inv=111 k=178
PASS 115 m7r3_polar7_q10 inv=111 k=178
PASS 116 m7r3_polar7_q11 inv=79 k=178
PASS 117 m7r3_polar7_q12 inv=335 k=178
PASS 118 m7r3_polar8_q1 inv=335 k=178
PASS 119 m7r3_polar8_q2 inv=335 k=178
PASS 120 m7r3_polar8_q3 inv=111 k=178
PASS 121 m7r3_polar8_q4 inv=79 k=178
PASS 122 m7r3_polar8_q5 inv=335 k=178
PASS 123 m7r3_polar8_q6 inv=111 k=178
PASS 124 m7r3_polar8_q7 inv=79 k=178
PASS 125 m7r3_polar8_q8 inv=111 k=178
PASS 126 m7r3_polar8_q9 inv=335 k=178
COMPLETE 
126
  special representatives; all metadata, form criterion, independent Wigner S2\
/S3 and saved pc-code roundtrips passed; GAP 4.15.1.
